test omega (dN/dS) = 0.13746
test kappa (ts/tv) = 1.76768
